2018年  6月 30日 土曜日 18:49:29 JST
| Date/Time         :- 月 10月 09 2017 22:46:06 JST                         | 
| Probe Id          :- XC338001                                               | 
| Component         :- xehAsySignalHandler                                    | 
| Program Name      :- amqzxma0                                               | 
| Major Errorcode   :- xecE_W_UNEXPECTED_ASYNC_SIGNAL                         | 
